################################################################################
[glyphs]

agent = > ^ < v
food  = f
wall  = | ~

################################################################################
[glyphs-attrs]

> dir = east
^ dir = north
< dir = west
v dir = south

################################################################################
[objects]

+ABCDEFGHIJKLMNOPQRSTUVWXYZa
A   |~~~~~~~| |~~~~~~~|
B   |f     f| |f     f|
C   |~~~ ~~~| |~~~ ~~~|
D      | |       | |
E      | |       | |
F      | ~~~~~~~~~ |
G      |           |
H      | ~~~~ ~~~~ |
I      | |  | |  | |
J      | |  | |  | |
K   |~~~ ~~~| |~~~ ~~~|
L   |f     f| |f     f|
M   |~~~~~~~| |~~~~~~~|
N           |>|
O   |~~~~~~~| |~~~~~~~|
P   |f     f| |f     f|
Q   |~~~ ~~~| |~~~ ~~~|
R      | |  | |  | |
S      | |  | |  | |
T      | ~~~~ ~~~~ |
U      |           |
V      | ~~~~~~~~~ |
W      | |       | |
X      | |       | |
Y   |~~~ ~~~| |~~~ ~~~|
Z   |f     f| |f     f|
a   |~~~~~~~| |~~~~~~~|

################################################################################
[objects-attrs]

B,E f seq = llrl
B,K f seq = llrr
B,O f seq = lrll
B,U f seq = lrlr

L,E f seq = lllr
L,K f seq = llll
L,O f seq = lrrr
L,U f seq = lrrl

P,E f seq = rrrl
P,K f seq = rrrr
P,O f seq = rlll
P,U f seq = rllr

Z,E f seq = rrlr
Z,K f seq = rrll
Z,O f seq = rlrr
Z,U f seq = rlrl
