################################################################################
[glyphs]

agent = > ^ < v
food  = f
wall  = | ~

################################################################################
[glyphs-attrs]

> dir = east
^ dir = north
< dir = west
v dir = south

################################################################################
[objects]

+ABCDEFGHIJKLMNOPQRSTUVWXYZa
A   |~~~~~~~| |~~~~~~~|
B   |       | |       |
C   |~~~ ~~~| |~~~ ~~~|
D      | |       | |
E      | |       | |
F      | ~~~~~~~~~ |
G      |           |
H      | ~~~~ ~~~~ |
I      | |  |f|  | |
J      | |  | |  | |
K   |~~~ ~~~| |~~~ ~~~|
L   |       | |       |
M   |~~~~~~~| |~~~~~~~|
N           |>|
O   |~~~~~~~| |~~~~~~~|
P   |       | |       |
Q   |~~~ ~~~| |~~~ ~~~|
R      | |  | |  | |
S      | |  |f|  | |
T      | ~~~~ ~~~~ |
U      |           |
V      | ~~~~~~~~~ |
W      | |       | |
X      | |       | |
Y   |~~~ ~~~| |~~~ ~~~|
Z   |       | |       |
a   |~~~~~~~| |~~~~~~~|

################################################################################
[objects-attrs]

I,M f seq = l
S,M f seq = r


